
> frontend@0.1.0 dev
> next dev

▲ Next.js 16.2.2 (Turbopack)
- Local:         http://localhost:8096
- Network:       http://192.168.200.127:8096
✓ Ready in 339ms

 GET / 200 in 2.2s (next.js: 2.1s, application-code: 119ms)
 GET / 200 in 20ms (next.js: 1600µs, application-code: 18ms)
 GET / 200 in 17ms (next.js: 1475µs, application-code: 15ms)
 GET / 200 in 45ms (next.js: 7ms, application-code: 38ms)
✓ Compiled in 109ms
✓ Compiled in 102ms
 GET / 200 in 89ms (next.js: 43ms, application-code: 46ms)
 GET / 200 in 13ms (next.js: 1810µs, application-code: 11ms)
✓ Compiled in 25ms
✓ Compiled in 23ms
 GET / 200 in 79ms (next.js: 4ms, application-code: 75ms)
✓ Compiled in 18ms
✓ Compiled in 12ms
 GET / 200 in 18ms (next.js: 4ms, application-code: 14ms)
 GET / 200 in 51ms (next.js: 3ms, application-code: 48ms)
✓ Compiled in 14ms
✓ Compiled in 25ms
✓ Compiled in 20ms
✓ Compiled in 23ms
✓ Compiled in 25ms
✓ Compiled in 23ms
✓ Compiled in 24ms
✓ Compiled in 13ms
✓ Compiled in 13ms
✓ Compiled in 24ms
✓ Compiled in 13ms
✓ Compiled in 40ms
✓ Compiled in 21ms
✓ Compiled in 26ms
✓ Compiled in 23ms
 GET / 200 in 28ms (next.js: 5ms, application-code: 24ms)
 GET / 200 in 13ms (next.js: 1137µs, application-code: 12ms)
 GET / 200 in 22ms (next.js: 2ms, application-code: 20ms)
 GET / 200 in 86ms (next.js: 7ms, application-code: 79ms)
 GET / 200 in 38ms (next.js: 5ms, application-code: 33ms)
[browser] ./src/components/WaterfallView.tsx:220:1
Unexpected token. Did you mean `{'}'}` or `&rbrace;`?
  218 |     </div>
  219 |   );
> 220 | }
      | ^
  221 |

Parsing ecmascript source code failed

Import traces:
  Client Component Browser:
    ./src/components/WaterfallView.tsx [Client Component Browser]
    ./src/app/page.tsx [Client Component Browser]
    ./src/app/page.tsx [Server Component]

  Client Component SSR:
    ./src/components/WaterfallView.tsx [Client Component SSR]
    ./src/app/page.tsx [Client Component SSR]
    ./src/app/page.tsx [Server Component] 
[browser] ./src/components/WaterfallView.tsx:220:1
Unexpected token. Did you mean `{'}'}` or `&rbrace;`?
  218 |     </div>
  219 |   );
> 220 | }
      | ^
  221 |

Parsing ecmascript source code failed

Import traces:
  Client Component Browser:
    ./src/components/WaterfallView.tsx [Client Component Browser]
    ./src/app/page.tsx [Client Component Browser]
    ./src/app/page.tsx [Server Component]

  Client Component SSR:
    ./src/components/WaterfallView.tsx [Client Component SSR]
    ./src/app/page.tsx [Client Component SSR]
    ./src/app/page.tsx [Server Component] 
[browser] ./src/components/WaterfallView.tsx:220:1
Unexpected token. Did you mean `{'}'}` or `&rbrace;`?
  218 |     </div>
  219 |   );
> 220 | }
      | ^
  221 |

Parsing ecmascript source code failed

Import traces:
  Client Component Browser:
    ./src/components/WaterfallView.tsx [Client Component Browser]
    ./src/app/page.tsx [Client Component Browser]
    ./src/app/page.tsx [Server Component]

  Client Component SSR:
    ./src/components/WaterfallView.tsx [Client Component SSR]
    ./src/app/page.tsx [Client Component SSR]
    ./src/app/page.tsx [Server Component] 
[browser] ./src/components/WaterfallView.tsx:220:1
Unexpected token. Did you mean `{'}'}` or `&rbrace;`?
  218 |     </div>
  219 |   );
> 220 | }
      | ^
  221 |

Parsing ecmascript source code failed

Import traces:
  Client Component Browser:
    ./src/components/WaterfallView.tsx [Client Component Browser]
    ./src/app/page.tsx [Client Component Browser]
    ./src/app/page.tsx [Server Component]

  Client Component SSR:
    ./src/components/WaterfallView.tsx [Client Component SSR]
    ./src/app/page.tsx [Client Component SSR]
    ./src/app/page.tsx [Server Component] 
[browser] ./src/components/WaterfallView.tsx:220:1
Unexpected token. Did you mean `{'}'}` or `&rbrace;`?
  218 |     </div>
  219 |   );
> 220 | }
      | ^
  221 |

Parsing ecmascript source code failed

Import traces:
  Client Component Browser:
    ./src/components/WaterfallView.tsx [Client Component Browser]
    ./src/app/page.tsx [Client Component Browser]
    ./src/app/page.tsx [Server Component]

  Client Component SSR:
    ./src/components/WaterfallView.tsx [Client Component SSR]
    ./src/app/page.tsx [Client Component SSR]
    ./src/app/page.tsx [Server Component] 
[browser] ./src/components/WaterfallView.tsx:220:1
Unexpected token. Did you mean `{'}'}` or `&rbrace;`?
  218 |     </div>
  219 |   );
> 220 | }
      | ^
  221 |

Parsing ecmascript source code failed

Import traces:
  Client Component Browser:
    ./src/components/WaterfallView.tsx [Client Component Browser]
    ./src/app/page.tsx [Client Component Browser]
    ./src/app/page.tsx [Server Component]

  Client Component SSR:
    ./src/components/WaterfallView.tsx [Client Component SSR]
    ./src/app/page.tsx [Client Component SSR]
    ./src/app/page.tsx [Server Component] 
[browser] ./src/components/WaterfallView.tsx:220:1
Unexpected token. Did you mean `{'}'}` or `&rbrace;`?
  218 |     </div>
  219 |   );
> 220 | }
      | ^
  221 |

Parsing ecmascript source code failed

Import traces:
  Client Component Browser:
    ./src/components/WaterfallView.tsx [Client Component Browser]
    ./src/app/page.tsx [Client Component Browser]
    ./src/app/page.tsx [Server Component]

  Client Component SSR:
    ./src/components/WaterfallView.tsx [Client Component SSR]
    ./src/app/page.tsx [Client Component SSR]
    ./src/app/page.tsx [Server Component] 
[browser] ./src/components/WaterfallView.tsx:220:1
Unexpected token. Did you mean `{'}'}` or `&rbrace;`?
  218 |     </div>
  219 |   );
> 220 | }
      | ^
  221 |

Parsing ecmascript source code failed

Import traces:
  Client Component Browser:
    ./src/components/WaterfallView.tsx [Client Component Browser]
    ./src/app/page.tsx [Client Component Browser]
    ./src/app/page.tsx [Server Component]

  Client Component SSR:
    ./src/components/WaterfallView.tsx [Client Component SSR]
    ./src/app/page.tsx [Client Component SSR]
    ./src/app/page.tsx [Server Component] 
[browser] ./src/components/WaterfallView.tsx:220:1
Unexpected token. Did you mean `{'}'}` or `&rbrace;`?
  218 |     </div>
  219 |   );
> 220 | }
      | ^
  221 |

Parsing ecmascript source code failed

Import traces:
  Client Component Browser:
    ./src/components/WaterfallView.tsx [Client Component Browser]
    ./src/app/page.tsx [Client Component Browser]
    ./src/app/page.tsx [Server Component]

  Client Component SSR:
    ./src/components/WaterfallView.tsx [Client Component SSR]
    ./src/app/page.tsx [Client Component SSR]
    ./src/app/page.tsx [Server Component] 
[browser] ./src/components/WaterfallView.tsx:220:1
Unexpected token. Did you mean `{'}'}` or `&rbrace;`?
  218 |     </div>
  219 |   );
> 220 | }
      | ^
  221 |

Parsing ecmascript source code failed

Import traces:
  Client Component Browser:
    ./src/components/WaterfallView.tsx [Client Component Browser]
    ./src/app/page.tsx [Client Component Browser]
    ./src/app/page.tsx [Server Component]

  Client Component SSR:
    ./src/components/WaterfallView.tsx [Client Component SSR]
    ./src/app/page.tsx [Client Component SSR]
    ./src/app/page.tsx [Server Component] 
✓ Compiled in 25ms
✓ Compiled in 42ms
✓ Compiled in 14ms
✓ Compiled in 28ms
 GET / 200 in 42ms (next.js: 10ms, application-code: 32ms)
 GET / 200 in 31ms (next.js: 6ms, application-code: 25ms)
 GET / 200 in 48ms (next.js: 6ms, application-code: 42ms)
✓ Compiled in 30ms
✓ Compiled in 39ms
✓ Compiled in 37ms
✓ Compiled in 19ms
✓ Compiled in 33ms
 GET / 200 in 65ms (next.js: 31ms, application-code: 34ms)
 GET / 200 in 43ms (next.js: 7ms, application-code: 37ms)
 GET / 200 in 41ms (next.js: 8ms, application-code: 33ms)
 GET /health 404 in 348ms (next.js: 332ms, application-code: 17ms)
✓ Compiled in 68ms
✓ Compiled in 57ms
✓ Compiled in 16ms
✓ Compiled in 81ms
 GET / 200 in 102ms (next.js: 61ms, application-code: 41ms)
 GET / 200 in 28ms (next.js: 3ms, application-code: 25ms)
 GET / 200 in 32ms (next.js: 1950µs, application-code: 30ms)
 GET / 200 in 34ms (next.js: 2ms, application-code: 32ms)
 GET / 200 in 24ms (next.js: 1712µs, application-code: 22ms)
 GET / 200 in 13ms (next.js: 2ms, application-code: 11ms)
✓ Compiled in 95ms
✓ Compiled in 73ms
 GET / 200 in 101ms (next.js: 53ms, application-code: 48ms)
 GET / 200 in 27ms (next.js: 5ms, application-code: 22ms)
 GET / 200 in 26ms (next.js: 1718µs, application-code: 24ms)
 GET / 200 in 35ms (next.js: 1792µs, application-code: 33ms)
 GET / 200 in 24ms (next.js: 1872µs, application-code: 22ms)
 GET / 200 in 14ms (next.js: 953µs, application-code: 13ms)
 GET / 200 in 127ms (next.js: 6ms, application-code: 120ms)
 GET / 200 in 62ms (next.js: 15ms, application-code: 47ms)
 GET / 200 in 31ms (next.js: 7ms, application-code: 24ms)
⚠ Found a change in next.config.ts. Restarting the server to apply the changes...
▲ Next.js 16.2.2 (Turbopack)
- Local:         http://localhost:8096
- Network:       http://192.168.200.146:8096
✓ Ready in 460ms

 GET / 200 in 249ms (next.js: 95ms, application-code: 154ms)
 GET / 200 in 144ms (next.js: 51ms, application-code: 93ms)
 GET / 200 in 42ms (next.js: 15ms, application-code: 26ms)
[?25h
